
Generated AST:
Block (18 statements):
  Variable Declaration:
    Name: d
    Type:
      Primitive: u8
    Initial Value:
      Integer Literal: 0
  Variable Declaration:
    Name: e
    Type:
      Primitive: u8
    Initial Value:
      Integer Literal: 123
  Variable Declaration:
    Name: f
    Type:
      Primitive: u8
    Initial Value:
      Unary Operation: -
        Integer Literal: 987
  Variable Declaration:
    Name: p
    Type:
      Primitive: u8
    Initial Value:
      Binary Operation: -
        Integer Literal: 9
        Integer Literal: 3
  Variable Declaration:
    Name: o
    Type:
      Primitive: u8
    Initial Value:
      Unary Operation: -
        Identifier: p
  Variable Declaration:
    Name: a_b
    Type:
      Primitive: String
    Initial Value:
      String Literal: "abc"
  Variable Declaration:
    Name: _bc
    Type:
      Primitive: String
    Initial Value:
      Identifier: a_b
  Variable Declaration:
    Name: g
    Type:
      Primitive: f64
    Initial Value:
      Float Literal: 3.140000
  Variable Declaration:
    Name: h
    Type:
      Primitive: f64
    Initial Value:
      Unary Operation: -
        Float Literal: 0.001000
  Variable Declaration:
    Name: i
    Type:
      Primitive: u8
    Initial Value:
      Integer Literal: 31
  Variable Declaration:
    Name: j
    Type:
      Primitive: u8
    Initial Value:
      Integer Literal: 11259375
  Variable Declaration:
    Name: k
    Type:
      Primitive: u8
    Initial Value:
      Integer Literal: 10
  Variable Declaration:
    Name: l
    Type:
      Primitive: u8
    Initial Value:
      Integer Literal: 13
  Variable Declaration:
    Name: m
    Type:
      Primitive: u8
    Initial Value:
      Unary Operation: -
        Integer Literal: 42
  Variable Declaration:
    Name: n
    Type:
      Primitive: u8
    Initial Value:
      Unary Operation: -
        Integer Literal: 255
  Variable Declaration:
    Name: my_original
    Type:
      Primitive: mut u8
    Initial Value:
      Integer Literal: 3
  Variable Declaration:
    Name: new_variable
    Type:
      Primitive: mut u8
    Initial Value: NULL
  Variable Assignment:
    Name: new_variable
    New Value:
      Identifier: my_original
