Generated AST:
Block (7 statements):
  Binary Operation: +
    Binary Operation: +
      Integer Literal: 5
      Integer Literal: 2
    Integer Literal: 3
  Binary Operation: -
    Integer Literal: 1
    Binary Operation: *
      Integer Literal: 2
      Integer Literal: 3
  Binary Operation: *
    Integer Literal: 3
    Binary Operation: +
      Integer Literal: 8
      Integer Literal: 2
  Block (4 statements):
    Variable Declaration:
      Name: a
      Type:
        Primitive: u8
      Initial Value: NULL
    Variable Declaration:
      Name: b
      Type:
        Primitive: u8
      Initial Value: NULL
    Variable Declaration:
      Name: c
      Type:
        Primitive: u8
      Initial Value: NULL
    Variable Declaration:
      Name: d
      Type:
        Primitive: u8
      Initial Value: NULL
  Variable Assignment:
    Name: a
    New Value:
      Variable Assignment:
        Name: b
        New Value:
          Identifier: c
  Binary Operation: <
    Binary Operation: +
      Identifier: a
      Identifier: b
    Binary Operation: +
      Identifier: c
      Identifier: d
  Binary Operation: or
    Identifier: a
    Binary Operation: and
      Binary Operation: =
        Identifier: b
        Identifier: c
      Identifier: d
