[Error][line 2] in Parser: duplicate variable declaration (x)
[Error][line 5] in Parser: duplicate function declaration (dupe)
[Error][line 25] in Parser: duplicate variable declaration (param)
[Error][line 28] in Parser: duplicate variable declaration within parameters (a)
[Error][line 13] in TypeChecker: Undeclared variable 'y'
[Error][line 13] in TypeChecker: Cannot print an expression with type _EOF_
[Error][line 16] in TypeChecker: Undeclared variable 'foo' in assignment
[Error][line 34] in TypeChecker: Undeclared variable 'y' in assignment
[Error][line 35] in TypeChecker: Undeclared variable 'y'
[Error][line 35] in TypeChecker: Variable 'out' type mismatch: declared u8, initialized/assigned with _EOF_
[Error][line 42] in TypeChecker: Undeclared variable 'i'
[Error][line 42] in TypeChecker: Cannot print an expression with type _EOF_
Compilation failed with 12 errors and 0 warnings.
